=====================================
   Chat 0.88: tests/test-suite.log
=====================================

# TOTAL: 4
# PASS:  4
# SKIP:  0
# XFAIL: 0
# FAIL:  0
# XPASS: 0
# ERROR: 0

.. contents:: :depth: 2

